"Builder linux: vm123-m4, vm127-m4, vm129-m4, vm131-m4, vm135-m4, vm136-m4, vm137-m4, vm138-m4, vm139-m4, vm140-m4, vm141-m4, vm142-m4, vm143-m4, vm145-m4, vm146-m4, vm150-m4, vm151-m4, vm155-m4, vm157-m4, vm158-m4, vm162-m4, vm163-m4, vm164-m4\n"