"linux/33764  revision:90227  result:3  blame:commit-bot@chromium.org,zea@chromium.org\n"